2025-08-15 16:38:40,355 - INFO - Iniciando o download dos dados do ERA5.
2025-08-15 16:38:40,355 - INFO - Requisição: reanalysis-era5-single-levels-monthly-means
2025-08-15 16:38:40,355 - INFO - Variáveis solicitadas: total_precipitation, mean_evaporation_rate, mean_surface_direct_short_wave_radiation_flux, mean_surface_direct_short_wave_radiation_flux_clear_sky, mean_surface_downward_long_wave_radiation_flux, mean_surface_downward_long_wave_radiation_flux_clear_sky, mean_surface_downward_short_wave_radiation_flux, mean_surface_downward_short_wave_radiation_flux_clear_sky, mean_surface_downward_uv_radiation_flux, mean_surface_latent_heat_flux, mean_surface_net_long_wave_radiation_flux, mean_surface_net_long_wave_radiation_flux_clear_sky, mean_surface_net_short_wave_radiation_flux, mean_surface_net_short_wave_radiation_flux_clear_sky, mean_surface_sensible_heat_flux, mean_top_downward_short_wave_radiation_flux, mean_top_net_long_wave_radiation_flux, mean_top_net_long_wave_radiation_flux_clear_sky, mean_top_net_short_wave_radiation_flux, mean_top_net_short_wave_radiation_flux_clear_sky, mean_total_precipitation_rate, mean_vertically_integrated_moisture_divergence, total_column_water, total_column_water_vapour
2025-08-15 16:38:40,355 - INFO - Período: 2024 - 01, 02, 03, 04, 05, 06, 07, 08, 09, 10, 11, 12
2025-08-15 16:38:40,355 - INFO - Formato de dados: netcdf
2025-08-15 16:38:41,977 - INFO - [2024-09-26T00:00:00] Watch our [Forum](https://forum.ecmwf.int/) for Announcements, news and other discussed topics.
2025-08-15 16:38:42,983 - INFO - Request ID is 74d380a1-3428-4867-9f06-b7f4153d0b0a
2025-08-15 16:38:43,308 - INFO - status has been updated to accepted
2025-08-15 16:38:52,728 - INFO - status has been updated to running
2025-08-15 16:38:58,155 - INFO - status has been updated to successful
2025-08-15 16:38:58,871 - INFO - Downloading https://object-store.os-api.cci2.ecmwf.int:443/cci2-prod-cache-2/2025-08-15/48b878711b6a135a71a8871ed78608f0.zip
2025-08-15 16:44:26,965 - INFO - Iniciando o download dos dados do ERA5.
2025-08-15 16:44:26,965 - INFO - Requisição: reanalysis-era5-single-levels-monthly-means
2025-08-15 16:44:26,965 - INFO - Variáveis solicitadas: total_precipitation, mean_evaporation_rate, mean_surface_direct_short_wave_radiation_flux, mean_surface_direct_short_wave_radiation_flux_clear_sky, mean_surface_downward_long_wave_radiation_flux, mean_surface_downward_long_wave_radiation_flux_clear_sky, mean_surface_downward_short_wave_radiation_flux, mean_surface_downward_short_wave_radiation_flux_clear_sky, mean_surface_downward_uv_radiation_flux, mean_surface_latent_heat_flux, mean_surface_net_long_wave_radiation_flux, mean_surface_net_long_wave_radiation_flux_clear_sky, mean_surface_net_short_wave_radiation_flux, mean_surface_net_short_wave_radiation_flux_clear_sky, mean_surface_sensible_heat_flux, mean_top_downward_short_wave_radiation_flux, mean_top_net_long_wave_radiation_flux, mean_top_net_long_wave_radiation_flux_clear_sky, mean_top_net_short_wave_radiation_flux, mean_top_net_short_wave_radiation_flux_clear_sky, mean_total_precipitation_rate, mean_vertically_integrated_moisture_divergence, total_column_water, total_column_water_vapour
2025-08-15 16:44:26,965 - INFO - Período: 2024 - 01, 02, 03, 04, 05, 06, 07, 08, 09, 10, 11, 12
2025-08-15 16:44:26,965 - INFO - Formato de dados: netcdf
2025-08-15 16:44:27,918 - INFO - [2024-09-26T00:00:00] Watch our [Forum](https://forum.ecmwf.int/) for Announcements, news and other discussed topics.
2025-08-15 16:44:28,945 - INFO - Request ID is 8d233aad-4e3e-4081-bbd8-f589ab19c650
2025-08-15 16:44:29,222 - INFO - status has been updated to accepted
2025-08-15 16:44:38,803 - INFO - status has been updated to running
2025-08-15 16:45:14,905 - INFO - Iniciando o download dos dados do ERA5.
2025-08-15 16:45:14,905 - INFO - Requisição: reanalysis-era5-single-levels-monthly-means
2025-08-15 16:45:14,905 - INFO - Variáveis solicitadas: total_precipitation, mean_evaporation_rate, mean_surface_direct_short_wave_radiation_flux, mean_surface_direct_short_wave_radiation_flux_clear_sky, mean_surface_downward_long_wave_radiation_flux, mean_surface_downward_long_wave_radiation_flux_clear_sky, mean_surface_downward_short_wave_radiation_flux, mean_surface_downward_short_wave_radiation_flux_clear_sky, mean_surface_downward_uv_radiation_flux, mean_surface_latent_heat_flux, mean_surface_net_long_wave_radiation_flux, mean_surface_net_long_wave_radiation_flux_clear_sky, mean_surface_net_short_wave_radiation_flux, mean_surface_net_short_wave_radiation_flux_clear_sky, mean_surface_sensible_heat_flux, mean_top_downward_short_wave_radiation_flux, mean_top_net_long_wave_radiation_flux, mean_top_net_long_wave_radiation_flux_clear_sky, mean_top_net_short_wave_radiation_flux, mean_top_net_short_wave_radiation_flux_clear_sky, mean_total_precipitation_rate, mean_vertically_integrated_moisture_divergence, total_column_water, total_column_water_vapour
2025-08-15 16:45:14,905 - INFO - Período: 2024 - 01, 02, 03, 04, 05, 06, 07, 08, 09, 10, 11, 12
2025-08-15 16:45:14,905 - INFO - Formato de dados: netcdf
2025-08-15 16:45:15,816 - INFO - [2024-09-26T00:00:00] Watch our [Forum](https://forum.ecmwf.int/) for Announcements, news and other discussed topics.
2025-08-15 16:45:16,751 - INFO - Request ID is 7418db83-bcbe-4686-bf6d-95924b5cf102
2025-08-15 16:45:17,034 - INFO - status has been updated to accepted
2025-08-15 16:45:26,417 - INFO - status has been updated to running
2025-08-15 16:45:31,800 - INFO - status has been updated to successful
2025-08-15 16:45:32,416 - INFO - Downloading https://object-store.os-api.cci2.ecmwf.int:443/cci2-prod-cache-2/2025-08-15/48b878711b6a135a71a8871ed78608f0.zip
2025-08-15 16:57:05,618 - INFO - Tempo total de download: 11.85 minutos
2025-08-24 17:26:41,658 - INFO - Iniciando o download dos dados do ERA5.
2025-08-24 17:26:41,702 - INFO - Requisição: reanalysis-era5-single-levels-monthly-means
2025-08-24 17:26:41,702 - INFO - Variáveis solicitadas: total_precipitation, mean_evaporation_rate, mean_surface_direct_short_wave_radiation_flux, mean_surface_direct_short_wave_radiation_flux_clear_sky, mean_surface_downward_long_wave_radiation_flux, mean_surface_downward_long_wave_radiation_flux_clear_sky, mean_surface_downward_short_wave_radiation_flux, mean_surface_downward_short_wave_radiation_flux_clear_sky, mean_surface_downward_uv_radiation_flux, mean_surface_latent_heat_flux, mean_surface_net_long_wave_radiation_flux, mean_surface_net_long_wave_radiation_flux_clear_sky, mean_surface_net_short_wave_radiation_flux, mean_surface_net_short_wave_radiation_flux_clear_sky, mean_surface_sensible_heat_flux, mean_top_downward_short_wave_radiation_flux, mean_top_net_long_wave_radiation_flux, mean_top_net_long_wave_radiation_flux_clear_sky, mean_top_net_short_wave_radiation_flux, mean_top_net_short_wave_radiation_flux_clear_sky, mean_total_precipitation_rate, mean_vertically_integrated_moisture_divergence, total_column_water, total_column_water_vapour
2025-08-24 17:26:41,702 - INFO - Período: 2020, 2021, 2022, 2023, 2024 - 01, 02, 03, 04, 05, 06, 07, 08, 09, 10, 11, 12
2025-08-24 17:26:41,703 - INFO - Formato de dados: netcdf
2025-08-24 17:26:43,392 - INFO - [2024-09-26T00:00:00] Watch our [Forum](https://forum.ecmwf.int/) for Announcements, news and other discussed topics.
2025-08-24 17:27:28,750 - INFO - Iniciando o download dos dados do ERA5.
2025-08-24 17:27:28,750 - INFO - Requisição: reanalysis-era5-single-levels-monthly-means
2025-08-24 17:27:28,750 - INFO - Variáveis solicitadas: total_precipitation, mean_evaporation_rate, mean_surface_direct_short_wave_radiation_flux, mean_surface_direct_short_wave_radiation_flux_clear_sky, mean_surface_downward_long_wave_radiation_flux, mean_surface_downward_long_wave_radiation_flux_clear_sky, mean_surface_downward_short_wave_radiation_flux, mean_surface_downward_short_wave_radiation_flux_clear_sky, mean_surface_downward_uv_radiation_flux, mean_surface_latent_heat_flux, mean_surface_net_long_wave_radiation_flux, mean_surface_net_long_wave_radiation_flux_clear_sky, mean_surface_net_short_wave_radiation_flux, mean_surface_net_short_wave_radiation_flux_clear_sky, mean_surface_sensible_heat_flux, mean_top_downward_short_wave_radiation_flux, mean_top_net_long_wave_radiation_flux, mean_top_net_long_wave_radiation_flux_clear_sky, mean_top_net_short_wave_radiation_flux, mean_top_net_short_wave_radiation_flux_clear_sky, mean_total_precipitation_rate, mean_vertically_integrated_moisture_divergence, total_column_water, total_column_water_vapour
2025-08-24 17:27:28,750 - INFO - Período: 2020, 2021, 2022, 2023, 2024 - 01, 02, 03, 04, 05, 06, 07, 08, 09, 10, 11, 12
2025-08-24 17:27:28,750 - INFO - Formato de dados: netcdf
2025-08-24 17:27:29,825 - INFO - [2024-09-26T00:00:00] Watch our [Forum](https://forum.ecmwf.int/) for Announcements, news and other discussed topics.
2025-08-24 17:27:30,863 - INFO - Request ID is ffa70fe3-577e-4665-9996-b931b3285fe2
2025-08-24 17:27:31,318 - INFO - status has been updated to accepted
2025-08-24 17:27:40,803 - INFO - status has been updated to running
2025-08-24 17:31:54,807 - INFO - status has been updated to successful
2025-08-24 17:31:55,724 - INFO - Downloading https://object-store.os-api.cci2.ecmwf.int:443/cci2-prod-cache-2/2025-08-24/16d76c03eba2578404435327583feba8.zip
2025-08-24 18:32:48,529 - INFO - Tempo total de download: 65.33 minutos
2025-09-11 11:37:56,704 - INFO - Iniciando o download dos dados do ERA5.
2025-09-11 11:37:56,730 - INFO - Requisição: reanalysis-era5-single-levels-monthly-means
2025-09-11 11:37:56,730 - INFO - Variáveis solicitadas: t2m, total_precipitation, mean_evaporation_rate, mean_surface_direct_short_wave_radiation_flux, mean_surface_direct_short_wave_radiation_flux_clear_sky, mean_surface_downward_long_wave_radiation_flux, mean_surface_downward_long_wave_radiation_flux_clear_sky, mean_surface_downward_short_wave_radiation_flux, mean_surface_downward_short_wave_radiation_flux_clear_sky, mean_surface_downward_uv_radiation_flux, mean_surface_latent_heat_flux, mean_surface_net_long_wave_radiation_flux, mean_surface_net_long_wave_radiation_flux_clear_sky, mean_surface_net_short_wave_radiation_flux, mean_surface_net_short_wave_radiation_flux_clear_sky, mean_surface_sensible_heat_flux, mean_top_downward_short_wave_radiation_flux, mean_top_net_long_wave_radiation_flux, mean_top_net_long_wave_radiation_flux_clear_sky, mean_top_net_short_wave_radiation_flux, mean_top_net_short_wave_radiation_flux_clear_sky, mean_total_precipitation_rate, mean_vertically_integrated_moisture_divergence, total_column_water, total_column_water_vapour
2025-09-11 11:37:56,730 - INFO - Período: 2020, 2021, 2022, 2023, 2024 - 01, 02, 03, 04, 05, 06, 07, 08, 09, 10, 11, 12
2025-09-11 11:37:56,730 - INFO - Formato de dados: netcdf
2025-09-11 11:37:57,864 - INFO - [2024-09-26T00:00:00] Watch our [Forum](https://forum.ecmwf.int/) for Announcements, news and other discussed topics.
2025-09-11 11:37:58,799 - INFO - Request ID is a4fccedc-9636-4f1e-a090-c10efd3dfef5
2025-09-11 11:37:59,076 - INFO - status has been updated to accepted
2025-09-11 11:38:13,922 - INFO - status has been updated to failed
2025-09-11 11:38:54,404 - INFO - Iniciando o download dos dados do ERA5.
2025-09-11 11:38:54,404 - INFO - Requisição: reanalysis-era5-single-levels-monthly-means
2025-09-11 11:38:54,404 - INFO - Variáveis solicitadas: t2m, total_precipitation, mean_evaporation_rate, mean_surface_direct_short_wave_radiation_flux, mean_surface_direct_short_wave_radiation_flux_clear_sky, mean_surface_downward_long_wave_radiation_flux, mean_surface_downward_long_wave_radiation_flux_clear_sky, mean_surface_downward_short_wave_radiation_flux, mean_surface_downward_short_wave_radiation_flux_clear_sky, mean_surface_downward_uv_radiation_flux, mean_surface_latent_heat_flux, mean_surface_net_long_wave_radiation_flux, mean_surface_net_long_wave_radiation_flux_clear_sky, mean_surface_net_short_wave_radiation_flux, mean_surface_net_short_wave_radiation_flux_clear_sky, mean_surface_sensible_heat_flux, mean_top_downward_short_wave_radiation_flux, mean_top_net_long_wave_radiation_flux, mean_top_net_long_wave_radiation_flux_clear_sky, mean_top_net_short_wave_radiation_flux, mean_top_net_short_wave_radiation_flux_clear_sky, mean_total_precipitation_rate, mean_vertically_integrated_moisture_divergence, total_column_water, total_column_water_vapour
2025-09-11 11:38:54,404 - INFO - Período: 2020, 2021, 2022, 2023, 2024 - 01, 02, 03, 04, 05, 06, 07, 08, 09, 10, 11, 12
2025-09-11 11:38:54,404 - INFO - Formato de dados: netcdf
2025-09-11 11:38:55,521 - INFO - [2024-09-26T00:00:00] Watch our [Forum](https://forum.ecmwf.int/) for Announcements, news and other discussed topics.
2025-09-11 11:38:56,738 - INFO - Request ID is d41ee95f-aeda-41b2-b95e-5f0edc91bd3e
2025-09-11 11:38:57,132 - INFO - status has been updated to accepted
2025-09-11 11:39:12,083 - INFO - status has been updated to failed
2025-09-11 11:40:05,549 - INFO - Iniciando o download dos dados do ERA5.
2025-09-11 11:40:05,549 - INFO - Requisição: reanalysis-era5-single-levels-monthly-means
2025-09-11 11:40:05,549 - INFO - Variáveis solicitadas: 2m_temperature, cloud_base_height, high_cloud_cover, low_cloud_cover, medium_cloud_cover, total_cloud_cover, total_precipitation, mean_evaporation_rate, mean_surface_direct_short_wave_radiation_flux, mean_surface_direct_short_wave_radiation_flux_clear_sky, mean_surface_downward_long_wave_radiation_flux, mean_surface_downward_long_wave_radiation_flux_clear_sky, mean_surface_downward_short_wave_radiation_flux, mean_surface_downward_short_wave_radiation_flux_clear_sky, mean_surface_downward_uv_radiation_flux, mean_surface_latent_heat_flux, mean_surface_net_long_wave_radiation_flux, mean_surface_net_long_wave_radiation_flux_clear_sky, mean_surface_net_short_wave_radiation_flux, mean_surface_net_short_wave_radiation_flux_clear_sky, mean_surface_sensible_heat_flux, mean_top_downward_short_wave_radiation_flux, mean_top_net_long_wave_radiation_flux, mean_top_net_long_wave_radiation_flux_clear_sky, mean_top_net_short_wave_radiation_flux, mean_top_net_short_wave_radiation_flux_clear_sky, mean_total_precipitation_rate, mean_vertically_integrated_moisture_divergence, total_column_water, total_column_water_vapour
2025-09-11 11:40:05,549 - INFO - Período: 2020, 2021, 2022, 2023, 2024 - 01, 02, 03, 04, 05, 06, 07, 08, 09, 10, 11, 12
2025-09-11 11:40:05,549 - INFO - Formato de dados: netcdf
2025-09-11 11:40:06,364 - INFO - [2024-09-26T00:00:00] Watch our [Forum](https://forum.ecmwf.int/) for Announcements, news and other discussed topics.
2025-09-11 11:40:07,346 - INFO - Request ID is 8c68f4e1-06ca-4721-a790-121950d3df8c
2025-09-11 11:40:07,798 - INFO - status has been updated to accepted
2025-09-11 11:40:17,218 - INFO - status has been updated to running
2025-09-11 11:40:30,631 - INFO - status has been updated to accepted
2025-09-11 11:40:42,409 - INFO - status has been updated to running
2025-09-11 11:44:30,363 - INFO - status has been updated to successful
2025-09-11 11:44:31,268 - INFO - Downloading https://object-store.os-api.cci2.ecmwf.int:443/cci2-prod-cache-2/2025-09-11/ac4974198fbacb24eb98fc1f6416556f.zip
2025-09-11 12:37:03,486 - INFO - Tempo total de download: 56.97 minutos
2025-09-11 12:48:23,487 - INFO - Iniciando o download dos dados do ERA5.
2025-09-11 12:48:23,487 - INFO - Requisição: reanalysis-era5-single-levels-monthly-means
2025-09-11 12:48:23,487 - INFO - Variáveis solicitadas: 2m_temperature, cloud_base_height, high_cloud_cover, low_cloud_cover, medium_cloud_cover, total_cloud_cover, total_precipitation, mean_evaporation_rate, mean_surface_direct_short_wave_radiation_flux, mean_surface_direct_short_wave_radiation_flux_clear_sky, mean_surface_downward_long_wave_radiation_flux, mean_surface_downward_long_wave_radiation_flux_clear_sky, mean_surface_downward_short_wave_radiation_flux, mean_surface_downward_short_wave_radiation_flux_clear_sky, mean_surface_downward_uv_radiation_flux, mean_surface_latent_heat_flux, mean_surface_net_long_wave_radiation_flux, mean_surface_net_long_wave_radiation_flux_clear_sky, mean_surface_net_short_wave_radiation_flux, mean_surface_net_short_wave_radiation_flux_clear_sky, mean_surface_sensible_heat_flux, mean_top_downward_short_wave_radiation_flux, mean_top_net_long_wave_radiation_flux, mean_top_net_long_wave_radiation_flux_clear_sky, mean_top_net_short_wave_radiation_flux, mean_top_net_short_wave_radiation_flux_clear_sky, mean_total_precipitation_rate, mean_vertically_integrated_moisture_divergence, total_column_water, total_column_water_vapour
2025-09-11 12:48:23,487 - INFO - Período: 2020, 2021, 2022, 2023, 2024 - 01, 02, 03, 04, 05, 06, 07, 08, 09, 10, 11, 12
2025-09-11 12:48:23,487 - INFO - Formato de dados: netcdf
2025-09-11 12:48:24,530 - INFO - [2024-09-26T00:00:00] Watch our [Forum](https://forum.ecmwf.int/) for Announcements, news and other discussed topics.
2025-09-11 12:48:25,703 - INFO - Request ID is d6761c8b-29e4-43bb-95cc-8170e5180feb
2025-09-11 12:48:25,978 - INFO - status has been updated to accepted
2025-09-11 12:48:35,381 - INFO - status has been updated to running
2025-09-11 12:51:21,203 - INFO - status has been updated to successful
2025-09-11 12:51:21,787 - INFO - Downloading https://object-store.os-api.cci2.ecmwf.int:443/cci2-prod-cache-2/2025-09-11/d736092359d3afd820e35804b8921f68.zip
2025-09-11 12:56:06,410 - INFO - Iniciando o download dos dados do ERA5.
2025-09-11 12:56:06,410 - INFO - Requisição: reanalysis-era5-single-levels-monthly-means
2025-09-11 12:56:06,410 - INFO - Variáveis solicitadas: 2m_temperature, cloud_base_height, high_cloud_cover, low_cloud_cover, medium_cloud_cover, total_cloud_cover, total_precipitation, mean_evaporation_rate, mean_surface_direct_short_wave_radiation_flux, mean_surface_direct_short_wave_radiation_flux_clear_sky, mean_surface_downward_long_wave_radiation_flux, mean_surface_downward_long_wave_radiation_flux_clear_sky, mean_surface_downward_short_wave_radiation_flux, mean_surface_downward_short_wave_radiation_flux_clear_sky, mean_surface_downward_uv_radiation_flux, mean_surface_latent_heat_flux, mean_surface_net_long_wave_radiation_flux, mean_surface_net_long_wave_radiation_flux_clear_sky, mean_surface_net_short_wave_radiation_flux, mean_surface_net_short_wave_radiation_flux_clear_sky, mean_surface_sensible_heat_flux, mean_top_downward_short_wave_radiation_flux, mean_top_net_long_wave_radiation_flux, mean_top_net_long_wave_radiation_flux_clear_sky, mean_top_net_short_wave_radiation_flux, mean_top_net_short_wave_radiation_flux_clear_sky, mean_total_precipitation_rate, mean_vertically_integrated_moisture_divergence, total_column_water, total_column_water_vapour
2025-09-11 12:56:06,410 - INFO - Período: 2020, 2021, 2022, 2023, 2024 - 01, 02, 03, 04, 05, 06, 07, 08, 09, 10, 11, 12
2025-09-11 12:56:06,410 - INFO - Formato de dados: netcdf
2025-09-11 12:56:07,594 - INFO - [2024-09-26T00:00:00] Watch our [Forum](https://forum.ecmwf.int/) for Announcements, news and other discussed topics.
2025-09-11 12:56:08,531 - INFO - Request ID is 134f27ef-5c80-4c31-94d4-43cb59bce52a
2025-09-11 12:56:08,827 - INFO - status has been updated to accepted
2025-09-11 12:56:24,074 - INFO - status has been updated to running
2025-09-11 12:58:05,836 - INFO - status has been updated to successful
2025-09-11 12:58:06,451 - INFO - Downloading https://object-store.os-api.cci2.ecmwf.int:443/cci2-prod-cache-1/2025-09-11/628ce036bd0c48dcca14ee4947181926.zip
2025-09-11 13:03:03,088 - INFO - Tempo total de download: 6.94 minutos
2025-09-17 09:47:57,222 - INFO - Iniciando o download dos dados do ERA5.
2025-09-17 09:47:57,260 - INFO - Requisição: reanalysis-era5-single-levels-monthly-means
2025-09-17 09:47:57,260 - INFO - Variáveis solicitadas: 2m_dewpoint_temperature, 2m_temperature, cloud_base_height, high_cloud_cover, low_cloud_cover, medium_cloud_cover, total_cloud_cover, total_precipitation, mean_evaporation_rate, mean_surface_direct_short_wave_radiation_flux, mean_surface_direct_short_wave_radiation_flux_clear_sky, mean_surface_downward_long_wave_radiation_flux, mean_surface_downward_long_wave_radiation_flux_clear_sky, mean_surface_downward_short_wave_radiation_flux, mean_surface_downward_short_wave_radiation_flux_clear_sky, mean_surface_downward_uv_radiation_flux, mean_surface_latent_heat_flux, mean_surface_net_long_wave_radiation_flux, mean_surface_net_long_wave_radiation_flux_clear_sky, mean_surface_net_short_wave_radiation_flux, mean_surface_net_short_wave_radiation_flux_clear_sky, mean_surface_sensible_heat_flux, mean_top_downward_short_wave_radiation_flux, mean_top_net_long_wave_radiation_flux, mean_top_net_long_wave_radiation_flux_clear_sky, mean_top_net_short_wave_radiation_flux, mean_top_net_short_wave_radiation_flux_clear_sky, mean_total_precipitation_rate, mean_vertically_integrated_moisture_divergence, total_column_water, total_column_water_vapour
2025-09-17 09:47:57,261 - INFO - Período: 2020, 2021, 2022, 2023, 2024 - 01, 02, 03, 04, 05, 06, 07, 08, 09, 10, 11, 12
2025-09-17 09:47:57,261 - INFO - Formato de dados: netcdf
2025-09-17 09:47:59,553 - INFO - [2025-09-03T00:00:00] To improve our C3S service, we need to hear from you! Please complete this very short [survey](https://confluence.ecmwf.int/x/E7uBEQ/). Thank you.
2025-09-17 09:47:59,554 - INFO - [2024-09-26T00:00:00] Watch our [Forum](https://forum.ecmwf.int/) for Announcements, news and other discussed topics.
2025-09-17 09:48:00,515 - INFO - Request ID is 4af16f9d-842f-4752-97d1-de8757a1f4f5
2025-09-17 09:48:00,788 - INFO - status has been updated to accepted
2025-09-17 09:48:10,155 - INFO - status has been updated to running
2025-09-17 09:50:56,391 - INFO - status has been updated to successful
2025-09-17 09:50:56,943 - INFO - Downloading https://object-store.os-api.cci2.ecmwf.int:443/cci2-prod-cache-1/2025-09-17/669428d7ddb7e450926b0d77881f177b.zip
2025-09-17 09:52:53,920 - INFO - Tempo total de download: 4.95 minutos
2025-10-15 11:04:28,552 - INFO - Iniciando o download dos dados do ERA5.
2025-10-15 11:04:28,600 - INFO - Requisição: reanalysis-era5-single-levels-monthly-means
2025-10-15 11:04:28,601 - INFO - Variáveis solicitadas: 2m_dewpoint_temperature, 2m_temperature, cloud_base_height, high_cloud_cover, low_cloud_cover, medium_cloud_cover, total_cloud_cover, total_precipitation, mean_evaporation_rate, mean_surface_direct_short_wave_radiation_flux, mean_surface_direct_short_wave_radiation_flux_clear_sky, mean_surface_downward_long_wave_radiation_flux, mean_surface_downward_long_wave_radiation_flux_clear_sky, mean_surface_downward_short_wave_radiation_flux, mean_surface_downward_short_wave_radiation_flux_clear_sky, mean_surface_downward_uv_radiation_flux, mean_surface_latent_heat_flux, mean_surface_net_long_wave_radiation_flux, mean_surface_net_long_wave_radiation_flux_clear_sky, mean_surface_net_short_wave_radiation_flux, mean_surface_net_short_wave_radiation_flux_clear_sky, mean_surface_sensible_heat_flux, mean_top_downward_short_wave_radiation_flux, mean_top_net_long_wave_radiation_flux, mean_top_net_long_wave_radiation_flux_clear_sky, mean_top_net_short_wave_radiation_flux, mean_top_net_short_wave_radiation_flux_clear_sky, mean_total_precipitation_rate, mean_vertically_integrated_moisture_divergence, total_column_water, total_column_water_vapour
2025-10-15 11:04:28,601 - INFO - Período: 2002, 2003, 2004, 2005, 2006 - 01, 02, 03, 04, 05, 06, 07, 08, 09, 10, 11, 12
2025-10-15 11:04:28,601 - INFO - Formato de dados: netcdf
2025-10-15 11:04:31,860 - INFO - Request ID is 92d05c16-159a-47ce-a21b-c07fff30b2f5
2025-10-15 11:04:32,266 - INFO - status has been updated to accepted
2025-10-15 11:04:38,818 - INFO - status has been updated to running
2025-10-15 11:07:29,745 - INFO - status has been updated to successful
2025-10-15 11:07:30,559 - INFO - Downloading https://object-store.os-api.cci2.ecmwf.int:443/cci2-prod-cache-3/2025-10-15/9ed89a324ce2075a55169cba0548a38c.zip
2025-10-15 11:09:13,445 - INFO - Tempo total de download: 4.75 minutos
2025-12-22 11:22:40,679 - INFO - Iniciando o download dos dados do ERA5.
2025-12-22 11:22:40,716 - INFO - Requisição: reanalysis-era5-single-levels-monthly-means
2025-12-22 11:22:40,716 - INFO - Variáveis solicitadas: 2m_dewpoint_temperature, 2m_temperature, cloud_base_height, high_cloud_cover, low_cloud_cover, medium_cloud_cover, total_cloud_cover, total_precipitation, mean_evaporation_rate, mean_surface_direct_short_wave_radiation_flux, mean_surface_direct_short_wave_radiation_flux_clear_sky, mean_surface_downward_long_wave_radiation_flux, mean_surface_downward_long_wave_radiation_flux_clear_sky, mean_surface_downward_short_wave_radiation_flux, mean_surface_downward_short_wave_radiation_flux_clear_sky, mean_surface_downward_uv_radiation_flux, mean_surface_latent_heat_flux, mean_surface_net_long_wave_radiation_flux, mean_surface_net_long_wave_radiation_flux_clear_sky, mean_surface_net_short_wave_radiation_flux, mean_surface_net_short_wave_radiation_flux_clear_sky, mean_surface_sensible_heat_flux, mean_top_downward_short_wave_radiation_flux, mean_top_net_long_wave_radiation_flux, mean_top_net_long_wave_radiation_flux_clear_sky, mean_top_net_short_wave_radiation_flux, mean_top_net_short_wave_radiation_flux_clear_sky, mean_total_precipitation_rate, mean_vertically_integrated_moisture_divergence, total_column_water, total_column_water_vapour
2025-12-22 11:22:40,716 - INFO - Período: 1990, 1991, 1992, 1993, 1994, 1995, 1996, 1997, 1998, 1999, 2000, 2001, 2002, 2003, 2004, 2005, 2006, 2007, 2008, 2009, 2010, 2011, 2012, 2013, 2014, 2015, 2016, 2017, 2018, 2019, 2020, 2021, 2022, 2023, 2024 - 01, 02, 03, 04, 05, 06, 07, 08, 09, 10, 11, 12
2025-12-22 11:22:40,716 - INFO - Formato de dados: netcdf
2025-12-22 11:22:42,399 - INFO - [2025-12-03T00:00:00Z] To improve our C3S service, we need to hear from you! Please complete this very short [survey](https://confluence.ecmwf.int/x/E7uBEQ/). Thank you.
2025-12-22 11:23:25,322 - INFO - Iniciando o download dos dados do ERA5.
2025-12-22 11:23:25,322 - INFO - Requisição: reanalysis-era5-single-levels-monthly-means
2025-12-22 11:23:25,322 - INFO - Variáveis solicitadas: 2m_dewpoint_temperature, 2m_temperature, cloud_base_height, high_cloud_cover, low_cloud_cover, medium_cloud_cover, total_cloud_cover, total_precipitation, mean_evaporation_rate, mean_surface_direct_short_wave_radiation_flux, mean_surface_direct_short_wave_radiation_flux_clear_sky, mean_surface_downward_long_wave_radiation_flux, mean_surface_downward_long_wave_radiation_flux_clear_sky, mean_surface_downward_short_wave_radiation_flux, mean_surface_downward_short_wave_radiation_flux_clear_sky, mean_surface_downward_uv_radiation_flux, mean_surface_latent_heat_flux, mean_surface_net_long_wave_radiation_flux, mean_surface_net_long_wave_radiation_flux_clear_sky, mean_surface_net_short_wave_radiation_flux, mean_surface_net_short_wave_radiation_flux_clear_sky, mean_surface_sensible_heat_flux, mean_top_downward_short_wave_radiation_flux, mean_top_net_long_wave_radiation_flux, mean_top_net_long_wave_radiation_flux_clear_sky, mean_top_net_short_wave_radiation_flux, mean_top_net_short_wave_radiation_flux_clear_sky, mean_total_precipitation_rate, mean_vertically_integrated_moisture_divergence, total_column_water, total_column_water_vapour
2025-12-22 11:23:25,322 - INFO - Período: 1990, 1991, 1992, 1993, 1994, 1995, 1996, 1997, 1998, 1999, 2000, 2001, 2002, 2003, 2004, 2005, 2006, 2007, 2008, 2009, 2010, 2011, 2012, 2013, 2014, 2015, 2016, 2017, 2018, 2019, 2020, 2021, 2022, 2023, 2024 - 01, 02, 03, 04, 05, 06, 07, 08, 09, 10, 11, 12
2025-12-22 11:23:25,322 - INFO - Formato de dados: netcdf
2025-12-22 11:23:27,967 - INFO - [2025-12-03T00:00:00Z] To improve our C3S service, we need to hear from you! Please complete this very short [survey](https://confluence.ecmwf.int/x/E7uBEQ/). Thank you.
2025-12-22 11:25:50,128 - INFO - Iniciando o download dos dados do ERA5.
2025-12-22 11:25:50,129 - INFO - Requisição: reanalysis-era5-single-levels-monthly-means
2025-12-22 11:25:50,129 - INFO - Variáveis solicitadas: 2m_dewpoint_temperature, 2m_temperature, cloud_base_height, high_cloud_cover, low_cloud_cover, medium_cloud_cover, total_cloud_cover, total_precipitation, mean_evaporation_rate, mean_surface_direct_short_wave_radiation_flux, mean_surface_direct_short_wave_radiation_flux_clear_sky, mean_surface_downward_long_wave_radiation_flux, mean_surface_downward_long_wave_radiation_flux_clear_sky, mean_surface_downward_short_wave_radiation_flux, mean_surface_downward_short_wave_radiation_flux_clear_sky, mean_surface_downward_uv_radiation_flux, mean_surface_latent_heat_flux, mean_surface_net_long_wave_radiation_flux, mean_surface_net_long_wave_radiation_flux_clear_sky, mean_surface_net_short_wave_radiation_flux, mean_surface_net_short_wave_radiation_flux_clear_sky, mean_surface_sensible_heat_flux, mean_top_downward_short_wave_radiation_flux, mean_top_net_long_wave_radiation_flux, mean_top_net_long_wave_radiation_flux_clear_sky, mean_top_net_short_wave_radiation_flux, mean_top_net_short_wave_radiation_flux_clear_sky, mean_total_precipitation_rate, mean_vertically_integrated_moisture_divergence, total_column_water, total_column_water_vapour
2025-12-22 11:25:50,129 - INFO - Período: 1990, 1991, 1992, 1993, 1994, 1995, 1996, 1997, 1998, 1999, 2000, 2001, 2002, 2003, 2004, 2005, 2006, 2007, 2008, 2009, 2010, 2011, 2012, 2013, 2014, 2015, 2016, 2017, 2018, 2019, 2020, 2021, 2022, 2023, 2024 - 01, 02, 03, 04, 05, 06, 07, 08, 09, 10, 11, 12
2025-12-22 11:25:50,129 - INFO - Formato de dados: netcdf
2025-12-22 11:25:51,431 - INFO - [2025-12-03T00:00:00Z] To improve our C3S service, we need to hear from you! Please complete this very short [survey](https://confluence.ecmwf.int/x/E7uBEQ/). Thank you.
2025-12-22 11:26:17,799 - INFO - Iniciando o download dos dados do ERA5.
2025-12-22 11:26:17,799 - INFO - Requisição: reanalysis-era5-single-levels-monthly-means
2025-12-22 11:26:17,799 - INFO - Variáveis solicitadas: 2m_dewpoint_temperature, 2m_temperature, cloud_base_height, high_cloud_cover, low_cloud_cover, medium_cloud_cover, total_cloud_cover, total_precipitation, mean_evaporation_rate, mean_surface_direct_short_wave_radiation_flux, mean_surface_direct_short_wave_radiation_flux_clear_sky, mean_surface_downward_long_wave_radiation_flux, mean_surface_downward_long_wave_radiation_flux_clear_sky, mean_surface_downward_short_wave_radiation_flux, mean_surface_downward_short_wave_radiation_flux_clear_sky, mean_surface_downward_uv_radiation_flux, mean_surface_latent_heat_flux, mean_surface_net_long_wave_radiation_flux, mean_surface_net_long_wave_radiation_flux_clear_sky, mean_surface_net_short_wave_radiation_flux, mean_surface_net_short_wave_radiation_flux_clear_sky, mean_surface_sensible_heat_flux, mean_top_downward_short_wave_radiation_flux, mean_top_net_long_wave_radiation_flux, mean_top_net_long_wave_radiation_flux_clear_sky, mean_top_net_short_wave_radiation_flux, mean_top_net_short_wave_radiation_flux_clear_sky, mean_total_precipitation_rate, mean_vertically_integrated_moisture_divergence, total_column_water, total_column_water_vapour
2025-12-22 11:26:17,799 - INFO - Período: 1990, 1991, 1992, 1993, 1994, 1995, 1996, 1997, 1998, 1999, 2000, 2001, 2002, 2003, 2004, 2005, 2006, 2007, 2008, 2009, 2010, 2011, 2012, 2013, 2014, 2015, 2016, 2017, 2018, 2019, 2020, 2021, 2022, 2023, 2024 - 01, 02, 03, 04, 05, 06, 07, 08, 09, 10, 11, 12
2025-12-22 11:26:17,799 - INFO - Formato de dados: netcdf
2025-12-22 11:26:19,080 - INFO - [2025-12-03T00:00:00Z] To improve our C3S service, we need to hear from you! Please complete this very short [survey](https://confluence.ecmwf.int/x/E7uBEQ/). Thank you.
2025-12-22 11:26:30,208 - INFO - Iniciando o download dos dados do ERA5.
2025-12-22 11:26:30,208 - INFO - Requisição: reanalysis-era5-single-levels-monthly-means
2025-12-22 11:26:30,208 - INFO - Variáveis solicitadas: 2m_dewpoint_temperature, 2m_temperature, cloud_base_height, high_cloud_cover, low_cloud_cover, medium_cloud_cover, total_cloud_cover, total_precipitation, mean_evaporation_rate, mean_surface_direct_short_wave_radiation_flux, mean_surface_direct_short_wave_radiation_flux_clear_sky, mean_surface_downward_long_wave_radiation_flux, mean_surface_downward_long_wave_radiation_flux_clear_sky, mean_surface_downward_short_wave_radiation_flux, mean_surface_downward_short_wave_radiation_flux_clear_sky, mean_surface_downward_uv_radiation_flux, mean_surface_latent_heat_flux, mean_surface_net_long_wave_radiation_flux, mean_surface_net_long_wave_radiation_flux_clear_sky, mean_surface_net_short_wave_radiation_flux, mean_surface_net_short_wave_radiation_flux_clear_sky, mean_surface_sensible_heat_flux, mean_top_downward_short_wave_radiation_flux, mean_top_net_long_wave_radiation_flux, mean_top_net_long_wave_radiation_flux_clear_sky, mean_top_net_short_wave_radiation_flux, mean_top_net_short_wave_radiation_flux_clear_sky, mean_total_precipitation_rate, mean_vertically_integrated_moisture_divergence, total_column_water, total_column_water_vapour
2025-12-22 11:26:30,208 - INFO - Período: 1990, 1991, 1992, 1993, 1994, 1995, 1996, 1997, 1998, 1999, 2000, 2001, 2002, 2003, 2004, 2005, 2006, 2007, 2008, 2009, 2010, 2011, 2012, 2013, 2014, 2015, 2016, 2017, 2018, 2019, 2020, 2021, 2022, 2023, 2024 - 01, 02, 03, 04, 05, 06, 07, 08, 09, 10, 11, 12
2025-12-22 11:26:30,208 - INFO - Formato de dados: netcdf
2025-12-22 11:26:31,471 - INFO - [2025-12-03T00:00:00Z] To improve our C3S service, we need to hear from you! Please complete this very short [survey](https://confluence.ecmwf.int/x/E7uBEQ/). Thank you.
2025-12-22 11:26:41,003 - INFO - Iniciando o download dos dados do ERA5.
2025-12-22 11:26:41,003 - INFO - Requisição: reanalysis-era5-single-levels-monthly-means
2025-12-22 11:26:41,003 - INFO - Variáveis solicitadas: 2m_dewpoint_temperature, 2m_temperature, cloud_base_height, high_cloud_cover, low_cloud_cover, medium_cloud_cover, total_cloud_cover, total_precipitation, mean_evaporation_rate, mean_surface_direct_short_wave_radiation_flux, mean_surface_direct_short_wave_radiation_flux_clear_sky, mean_surface_downward_long_wave_radiation_flux, mean_surface_downward_long_wave_radiation_flux_clear_sky, mean_surface_downward_short_wave_radiation_flux, mean_surface_downward_short_wave_radiation_flux_clear_sky, mean_surface_downward_uv_radiation_flux, mean_surface_latent_heat_flux, mean_surface_net_long_wave_radiation_flux, mean_surface_net_long_wave_radiation_flux_clear_sky, mean_surface_net_short_wave_radiation_flux, mean_surface_net_short_wave_radiation_flux_clear_sky, mean_surface_sensible_heat_flux, mean_top_downward_short_wave_radiation_flux, mean_top_net_long_wave_radiation_flux, mean_top_net_long_wave_radiation_flux_clear_sky, mean_top_net_short_wave_radiation_flux, mean_top_net_short_wave_radiation_flux_clear_sky, mean_total_precipitation_rate, mean_vertically_integrated_moisture_divergence, total_column_water, total_column_water_vapour
2025-12-22 11:26:41,003 - INFO - Período: 1990, 1991, 1992, 1993, 1994, 1995, 1996, 1997, 1998, 1999, 2000, 2001, 2002, 2003, 2004, 2005, 2006, 2007, 2008, 2009, 2010, 2011, 2012, 2013, 2014, 2015, 2016, 2017, 2018, 2019, 2020, 2021, 2022, 2023, 2024 - 01, 02, 03, 04, 05, 06, 07, 08, 09, 10, 11, 12
2025-12-22 11:26:41,003 - INFO - Formato de dados: netcdf
2025-12-22 11:26:42,326 - INFO - [2025-12-03T00:00:00Z] To improve our C3S service, we need to hear from you! Please complete this very short [survey](https://confluence.ecmwf.int/x/E7uBEQ/). Thank you.
2025-12-22 11:26:50,480 - INFO - Iniciando o download dos dados do ERA5.
2025-12-22 11:26:50,480 - INFO - Requisição: reanalysis-era5-single-levels-monthly-means
2025-12-22 11:26:50,480 - INFO - Variáveis solicitadas: 2m_dewpoint_temperature, 2m_temperature, cloud_base_height, high_cloud_cover, low_cloud_cover, medium_cloud_cover, total_cloud_cover, total_precipitation, mean_evaporation_rate, mean_surface_direct_short_wave_radiation_flux, mean_surface_direct_short_wave_radiation_flux_clear_sky, mean_surface_downward_long_wave_radiation_flux, mean_surface_downward_long_wave_radiation_flux_clear_sky, mean_surface_downward_short_wave_radiation_flux, mean_surface_downward_short_wave_radiation_flux_clear_sky, mean_surface_downward_uv_radiation_flux, mean_surface_latent_heat_flux, mean_surface_net_long_wave_radiation_flux, mean_surface_net_long_wave_radiation_flux_clear_sky, mean_surface_net_short_wave_radiation_flux, mean_surface_net_short_wave_radiation_flux_clear_sky, mean_surface_sensible_heat_flux, mean_top_downward_short_wave_radiation_flux, mean_top_net_long_wave_radiation_flux, mean_top_net_long_wave_radiation_flux_clear_sky, mean_top_net_short_wave_radiation_flux, mean_top_net_short_wave_radiation_flux_clear_sky, mean_total_precipitation_rate, mean_vertically_integrated_moisture_divergence, total_column_water, total_column_water_vapour
2025-12-22 11:26:50,480 - INFO - Período: 1990, 1991, 1992, 1993, 1994, 1995, 1996, 1997, 1998, 1999, 2000, 2001, 2002, 2003, 2004, 2005, 2006, 2007, 2008, 2009, 2010, 2011, 2012, 2013, 2014, 2015, 2016, 2017, 2018, 2019, 2020, 2021, 2022, 2023, 2024 - 01, 02, 03, 04, 05, 06, 07, 08, 09, 10, 11, 12
2025-12-22 11:26:50,480 - INFO - Formato de dados: netcdf
2025-12-22 11:26:51,747 - INFO - [2025-12-03T00:00:00Z] To improve our C3S service, we need to hear from you! Please complete this very short [survey](https://confluence.ecmwf.int/x/E7uBEQ/). Thank you.
2025-12-22 11:27:07,970 - INFO - Iniciando o download dos dados do ERA5.
2025-12-22 11:27:07,970 - INFO - Requisição: reanalysis-era5-single-levels-monthly-means
2025-12-22 11:27:07,970 - INFO - Variáveis solicitadas: 2m_dewpoint_temperature, 2m_temperature, cloud_base_height, high_cloud_cover, low_cloud_cover, medium_cloud_cover, total_cloud_cover, total_precipitation, mean_evaporation_rate, mean_surface_direct_short_wave_radiation_flux, mean_surface_direct_short_wave_radiation_flux_clear_sky, mean_surface_downward_long_wave_radiation_flux, mean_surface_downward_long_wave_radiation_flux_clear_sky, mean_surface_downward_short_wave_radiation_flux, mean_surface_downward_short_wave_radiation_flux_clear_sky, mean_surface_downward_uv_radiation_flux, mean_surface_latent_heat_flux, mean_surface_net_long_wave_radiation_flux, mean_surface_net_long_wave_radiation_flux_clear_sky, mean_surface_net_short_wave_radiation_flux, mean_surface_net_short_wave_radiation_flux_clear_sky, mean_surface_sensible_heat_flux, mean_top_downward_short_wave_radiation_flux, mean_top_net_long_wave_radiation_flux, mean_top_net_long_wave_radiation_flux_clear_sky, mean_top_net_short_wave_radiation_flux, mean_top_net_short_wave_radiation_flux_clear_sky, mean_total_precipitation_rate, mean_vertically_integrated_moisture_divergence, total_column_water, total_column_water_vapour
2025-12-22 11:27:07,970 - INFO - Período: 1990, 1991, 1992, 1993, 1994, 1995, 1996, 1997, 1998, 1999, 2000, 2001, 2002, 2003, 2004, 2005, 2006, 2007, 2008, 2009, 2010, 2011, 2012, 2013, 2014, 2015, 2016, 2017, 2018, 2019, 2020, 2021, 2022, 2023, 2024 - 01, 02, 03, 04, 05, 06, 07, 08, 09, 10, 11, 12
2025-12-22 11:27:07,970 - INFO - Formato de dados: netcdf
2025-12-22 11:27:09,678 - INFO - [2025-12-03T00:00:00Z] To improve our C3S service, we need to hear from you! Please complete this very short [survey](https://confluence.ecmwf.int/x/E7uBEQ/). Thank you.
2025-12-22 11:33:12,688 - INFO - Iniciando o download dos dados do ERA5.
2025-12-22 11:33:12,688 - INFO - Requisição: reanalysis-era5-single-levels-monthly-means
2025-12-22 11:33:12,688 - INFO - Variáveis solicitadas: 2m_dewpoint_temperature, 2m_temperature, cloud_base_height, high_cloud_cover, low_cloud_cover, medium_cloud_cover, total_cloud_cover, total_precipitation, mean_evaporation_rate, mean_surface_direct_short_wave_radiation_flux, mean_surface_direct_short_wave_radiation_flux_clear_sky, mean_surface_downward_long_wave_radiation_flux, mean_surface_downward_long_wave_radiation_flux_clear_sky, mean_surface_downward_short_wave_radiation_flux, mean_surface_downward_short_wave_radiation_flux_clear_sky, mean_surface_downward_uv_radiation_flux, mean_surface_latent_heat_flux, mean_surface_net_long_wave_radiation_flux, mean_surface_net_long_wave_radiation_flux_clear_sky, mean_surface_net_short_wave_radiation_flux, mean_surface_net_short_wave_radiation_flux_clear_sky, mean_surface_sensible_heat_flux, mean_top_downward_short_wave_radiation_flux, mean_top_net_long_wave_radiation_flux, mean_top_net_long_wave_radiation_flux_clear_sky, mean_top_net_short_wave_radiation_flux, mean_top_net_short_wave_radiation_flux_clear_sky, mean_total_precipitation_rate, mean_vertically_integrated_moisture_divergence, total_column_water, total_column_water_vapour
2025-12-22 11:33:12,688 - INFO - Período: 1990, 1991, 1992, 1993, 1994, 1995, 1996, 1997, 1998, 1999, 2000, 2001, 2002, 2003, 2004, 2005, 2006, 2007, 2008, 2009, 2010, 2011, 2012, 2013, 2014, 2015, 2016, 2017, 2018, 2019, 2020, 2021, 2022, 2023, 2024 - 01, 02, 03, 04, 05, 06, 07, 08, 09, 10, 11, 12
2025-12-22 11:33:12,688 - INFO - Formato de dados: netcdf
2025-12-22 11:33:13,913 - INFO - [2025-12-03T00:00:00Z] To improve our C3S service, we need to hear from you! Please complete this very short [survey](https://confluence.ecmwf.int/x/E7uBEQ/). Thank you.
2025-12-22 11:37:35,925 - INFO - Iniciando o download dos dados do ERA5.
2025-12-22 11:37:35,925 - INFO - Requisição: reanalysis-era5-single-levels-monthly-means
2025-12-22 11:37:35,925 - INFO - Variáveis solicitadas: 2m_dewpoint_temperature, 2m_temperature, cloud_base_height, high_cloud_cover, low_cloud_cover, medium_cloud_cover, total_cloud_cover, total_precipitation, mean_evaporation_rate, mean_surface_direct_short_wave_radiation_flux, mean_surface_direct_short_wave_radiation_flux_clear_sky, mean_surface_downward_long_wave_radiation_flux, mean_surface_downward_long_wave_radiation_flux_clear_sky, mean_surface_downward_short_wave_radiation_flux, mean_surface_downward_short_wave_radiation_flux_clear_sky, mean_surface_downward_uv_radiation_flux, mean_surface_latent_heat_flux, mean_surface_net_long_wave_radiation_flux, mean_surface_net_long_wave_radiation_flux_clear_sky, mean_surface_net_short_wave_radiation_flux, mean_surface_net_short_wave_radiation_flux_clear_sky, mean_surface_sensible_heat_flux, mean_top_downward_short_wave_radiation_flux, mean_top_net_long_wave_radiation_flux, mean_top_net_long_wave_radiation_flux_clear_sky, mean_top_net_short_wave_radiation_flux, mean_top_net_short_wave_radiation_flux_clear_sky, mean_total_precipitation_rate, mean_vertically_integrated_moisture_divergence, total_column_water, total_column_water_vapour
2025-12-22 11:37:35,925 - INFO - Período: 1990, 1991, 1992, 1993, 1994, 1995, 1996, 1997, 1998, 1999, 2000, 2001, 2002, 2003, 2004, 2005, 2006, 2007, 2008, 2009, 2010, 2011, 2012, 2013, 2014, 2015, 2016, 2017, 2018, 2019, 2020, 2021, 2022, 2023, 2024 - 01, 02, 03, 04, 05, 06, 07, 08, 09, 10, 11, 12
2025-12-22 11:37:35,925 - INFO - Formato de dados: netcdf
2025-12-22 11:37:37,086 - INFO - [2025-12-03T00:00:00Z] To improve our C3S service, we need to hear from you! Please complete this very short [survey](https://confluence.ecmwf.int/x/E7uBEQ/). Thank you.
2025-12-22 11:41:47,851 - INFO - Iniciando o download dos dados do ERA5.
2025-12-22 11:41:47,851 - INFO - Requisição: reanalysis-era5-single-levels-monthly-means
2025-12-22 11:41:47,852 - INFO - Variáveis solicitadas: 2m_dewpoint_temperature, 2m_temperature, cloud_base_height, high_cloud_cover, low_cloud_cover, medium_cloud_cover, total_cloud_cover, total_precipitation, mean_evaporation_rate, mean_surface_direct_short_wave_radiation_flux, mean_surface_direct_short_wave_radiation_flux_clear_sky, mean_surface_downward_long_wave_radiation_flux, mean_surface_downward_long_wave_radiation_flux_clear_sky, mean_surface_downward_short_wave_radiation_flux, mean_surface_downward_short_wave_radiation_flux_clear_sky, mean_surface_downward_uv_radiation_flux, mean_surface_latent_heat_flux, mean_surface_net_long_wave_radiation_flux, mean_surface_net_long_wave_radiation_flux_clear_sky, mean_surface_net_short_wave_radiation_flux, mean_surface_net_short_wave_radiation_flux_clear_sky, mean_surface_sensible_heat_flux, mean_top_downward_short_wave_radiation_flux, mean_top_net_long_wave_radiation_flux, mean_top_net_long_wave_radiation_flux_clear_sky, mean_top_net_short_wave_radiation_flux, mean_top_net_short_wave_radiation_flux_clear_sky, mean_total_precipitation_rate, mean_vertically_integrated_moisture_divergence, total_column_water, total_column_water_vapour
2025-12-22 11:41:47,852 - INFO - Período: 1990, 1991, 1992, 1993, 1994, 1995, 1996, 1997, 1998, 1999, 2000, 2001, 2002, 2003, 2004, 2005, 2006, 2007, 2008, 2009, 2010, 2011, 2012, 2013, 2014, 2015, 2016, 2017, 2018, 2019, 2020, 2021, 2022, 2023, 2024 - 01, 02, 03, 04, 05, 06, 07, 08, 09, 10, 11, 12
2025-12-22 11:41:47,852 - INFO - Formato de dados: netcdf
2025-12-22 11:41:49,097 - INFO - [2025-12-03T00:00:00Z] To improve our C3S service, we need to hear from you! Please complete this very short [survey](https://confluence.ecmwf.int/x/E7uBEQ/). Thank you.
2025-12-22 11:42:34,313 - INFO - Iniciando o download dos dados do ERA5.
2025-12-22 11:42:34,313 - INFO - Requisição: reanalysis-era5-single-levels-monthly-means
2025-12-22 11:42:34,313 - INFO - Variáveis solicitadas: 2m_dewpoint_temperature, 2m_temperature, cloud_base_height, high_cloud_cover, low_cloud_cover, medium_cloud_cover, total_cloud_cover, total_precipitation, mean_evaporation_rate, mean_surface_direct_short_wave_radiation_flux, mean_surface_direct_short_wave_radiation_flux_clear_sky, mean_surface_downward_long_wave_radiation_flux, mean_surface_downward_long_wave_radiation_flux_clear_sky, mean_surface_downward_short_wave_radiation_flux, mean_surface_downward_short_wave_radiation_flux_clear_sky, mean_surface_downward_uv_radiation_flux, mean_surface_latent_heat_flux, mean_surface_net_long_wave_radiation_flux, mean_surface_net_long_wave_radiation_flux_clear_sky, mean_surface_net_short_wave_radiation_flux, mean_surface_net_short_wave_radiation_flux_clear_sky, mean_surface_sensible_heat_flux, mean_top_downward_short_wave_radiation_flux, mean_top_net_long_wave_radiation_flux, mean_top_net_long_wave_radiation_flux_clear_sky, mean_top_net_short_wave_radiation_flux, mean_top_net_short_wave_radiation_flux_clear_sky, mean_total_precipitation_rate, mean_vertically_integrated_moisture_divergence, total_column_water, total_column_water_vapour
2025-12-22 11:42:34,313 - INFO - Período: 2023, 2024 - 01, 02, 03, 04, 05, 06, 07, 08, 09, 10, 11, 12
2025-12-22 11:42:34,313 - INFO - Formato de dados: netcdf
2025-12-22 11:42:35,938 - INFO - [2025-12-03T00:00:00Z] To improve our C3S service, we need to hear from you! Please complete this very short [survey](https://confluence.ecmwf.int/x/E7uBEQ/). Thank you.
2025-12-22 11:42:37,328 - INFO - Request ID is 1c6ff348-f3f5-4751-8fb5-a0e0f82e78d7
2025-12-22 11:42:37,645 - INFO - status has been updated to accepted
2025-12-22 11:43:12,317 - INFO - status has been updated to running
2025-12-22 11:44:34,908 - INFO - status has been updated to successful
2025-12-22 11:44:35,711 - INFO - Downloading https://object-store.os-api.cci2.ecmwf.int:443/cci2-prod-cache-3/2025-12-22/b95dab4efc87f034f4ef5b3c23c63747.zip
2025-12-22 11:44:58,957 - INFO - Tempo total de download: 2.41 minutos
2025-12-22 13:36:11,745 - INFO - Iniciando o download dos dados do ERA5.
2025-12-22 13:36:11,745 - INFO - Requisição: reanalysis-era5-single-levels-monthly-means
2025-12-22 13:36:11,745 - INFO - Variáveis solicitadas: 2m_dewpoint_temperature, 2m_temperature, cloud_base_height, high_cloud_cover, low_cloud_cover, medium_cloud_cover, total_cloud_cover, total_precipitation, mean_evaporation_rate, mean_surface_direct_short_wave_radiation_flux, mean_surface_direct_short_wave_radiation_flux_clear_sky, mean_surface_downward_long_wave_radiation_flux, mean_surface_downward_long_wave_radiation_flux_clear_sky, mean_surface_downward_short_wave_radiation_flux, mean_surface_downward_short_wave_radiation_flux_clear_sky, mean_surface_downward_uv_radiation_flux, mean_surface_latent_heat_flux, mean_surface_net_long_wave_radiation_flux, mean_surface_net_long_wave_radiation_flux_clear_sky, mean_surface_net_short_wave_radiation_flux, mean_surface_net_short_wave_radiation_flux_clear_sky, mean_surface_sensible_heat_flux, mean_top_downward_short_wave_radiation_flux, mean_top_net_long_wave_radiation_flux, mean_top_net_long_wave_radiation_flux_clear_sky, mean_top_net_short_wave_radiation_flux, mean_top_net_short_wave_radiation_flux_clear_sky, mean_total_precipitation_rate, mean_vertically_integrated_moisture_divergence, total_column_water, total_column_water_vapour
2025-12-22 13:36:11,745 - INFO - Período: 2023, 2024 - 01, 02, 03, 04, 05, 06, 07, 08, 09, 10, 11, 12
2025-12-22 13:36:11,745 - INFO - Formato de dados: netcdf
2025-12-22 13:36:13,267 - INFO - [2025-12-03T00:00:00Z] To improve our C3S service, we need to hear from you! Please complete this very short [survey](https://confluence.ecmwf.int/x/E7uBEQ/). Thank you.
2025-12-22 13:36:14,392 - INFO - Request ID is cb84ebbe-7502-45b2-9e24-64968aad5371
2025-12-22 13:36:14,700 - INFO - status has been updated to accepted
2025-12-22 13:36:29,541 - INFO - status has been updated to running
2025-12-22 13:36:37,433 - INFO - status has been updated to successful
2025-12-22 13:36:38,047 - INFO - Downloading https://object-store.os-api.cci2.ecmwf.int:443/cci2-prod-cache-3/2025-12-22/b95dab4efc87f034f4ef5b3c23c63747.zip
2025-12-22 13:36:56,535 - INFO - Tempo total de download: 0.75 minutos
2025-12-22 13:52:07,238 - INFO - Iniciando o download dos dados do ERA5.
2025-12-22 13:52:07,238 - INFO - Requisição: reanalysis-era5-single-levels-monthly-means
2025-12-22 13:52:07,238 - INFO - Variáveis solicitadas: 2m_dewpoint_temperature, 2m_temperature, cloud_base_height, high_cloud_cover, low_cloud_cover, medium_cloud_cover, total_cloud_cover, total_precipitation, mean_evaporation_rate, mean_surface_direct_short_wave_radiation_flux, mean_surface_direct_short_wave_radiation_flux_clear_sky, mean_surface_downward_long_wave_radiation_flux, mean_surface_downward_long_wave_radiation_flux_clear_sky, mean_surface_downward_short_wave_radiation_flux, mean_surface_downward_short_wave_radiation_flux_clear_sky, mean_surface_downward_uv_radiation_flux, mean_surface_latent_heat_flux, mean_surface_net_long_wave_radiation_flux, mean_surface_net_long_wave_radiation_flux_clear_sky, mean_surface_net_short_wave_radiation_flux, mean_surface_net_short_wave_radiation_flux_clear_sky, mean_surface_sensible_heat_flux, mean_top_downward_short_wave_radiation_flux, mean_top_net_long_wave_radiation_flux, mean_top_net_long_wave_radiation_flux_clear_sky, mean_top_net_short_wave_radiation_flux, mean_top_net_short_wave_radiation_flux_clear_sky, mean_total_precipitation_rate, mean_vertically_integrated_moisture_divergence, total_column_water, total_column_water_vapour
2025-12-22 13:52:07,238 - INFO - Período: 1990, 1991, 1992, 1993, 1994, 1995, 1996, 1997, 1998, 1999, 2000 - 01, 02, 03, 04, 05, 06, 07, 08, 09, 10, 11, 12
2025-12-22 13:52:07,238 - INFO - Formato de dados: netcdf
2025-12-22 13:52:08,557 - INFO - [2025-12-03T00:00:00Z] To improve our C3S service, we need to hear from you! Please complete this very short [survey](https://confluence.ecmwf.int/x/E7uBEQ/). Thank you.
2025-12-22 13:52:09,888 - INFO - Request ID is a8305621-789b-4106-8fd2-33fe6d34af0a
2025-12-22 13:52:10,195 - INFO - status has been updated to accepted
2025-12-22 13:52:25,518 - INFO - status has been updated to running
2025-12-22 13:58:38,009 - INFO - status has been updated to successful
2025-12-22 13:58:38,804 - INFO - Downloading https://object-store.os-api.cci2.ecmwf.int:443/cci2-prod-cache-1/2025-12-22/1a17657c80a1979d0590b6ca6dc0492a.zip
2025-12-22 14:05:22,381 - INFO - Tempo total de download: 13.25 minutos
2025-12-22 14:16:11,770 - INFO - Iniciando o download dos dados do ERA5.
2025-12-22 14:16:11,770 - INFO - Requisição: reanalysis-era5-single-levels-monthly-means
2025-12-22 14:16:11,770 - INFO - Variáveis solicitadas: 2m_dewpoint_temperature, 2m_temperature, cloud_base_height, high_cloud_cover, low_cloud_cover, medium_cloud_cover, total_cloud_cover, total_precipitation, mean_evaporation_rate, mean_surface_direct_short_wave_radiation_flux, mean_surface_direct_short_wave_radiation_flux_clear_sky, mean_surface_downward_long_wave_radiation_flux, mean_surface_downward_long_wave_radiation_flux_clear_sky, mean_surface_downward_short_wave_radiation_flux, mean_surface_downward_short_wave_radiation_flux_clear_sky, mean_surface_downward_uv_radiation_flux, mean_surface_latent_heat_flux, mean_surface_net_long_wave_radiation_flux, mean_surface_net_long_wave_radiation_flux_clear_sky, mean_surface_net_short_wave_radiation_flux, mean_surface_net_short_wave_radiation_flux_clear_sky, mean_surface_sensible_heat_flux, mean_top_downward_short_wave_radiation_flux, mean_top_net_long_wave_radiation_flux, mean_top_net_long_wave_radiation_flux_clear_sky, mean_top_net_short_wave_radiation_flux, mean_top_net_short_wave_radiation_flux_clear_sky, mean_total_precipitation_rate, mean_vertically_integrated_moisture_divergence, total_column_water, total_column_water_vapour
2025-12-22 14:16:11,770 - INFO - Período: 1990, 1991, 1992, 1993, 1994, 1995, 1996, 1997, 1998, 1999, 2000 - 01, 02, 03, 04, 05, 06, 07, 08, 09, 10, 11, 12
2025-12-22 14:16:11,770 - INFO - Formato de dados: netcdf
2025-12-22 14:16:13,146 - INFO - [2025-12-03T00:00:00Z] To improve our C3S service, we need to hear from you! Please complete this very short [survey](https://confluence.ecmwf.int/x/E7uBEQ/). Thank you.
2025-12-22 14:16:14,103 - INFO - Request ID is 7161af97-2f86-4b3f-816a-ef58c10f3d26
2025-12-22 14:16:14,374 - INFO - status has been updated to accepted
2025-12-22 14:16:29,529 - INFO - status has been updated to running
2025-12-22 14:16:37,511 - INFO - status has been updated to successful
2025-12-22 14:16:38,336 - INFO - Downloading https://object-store.os-api.cci2.ecmwf.int:443/cci2-prod-cache-1/2025-12-22/1a17657c80a1979d0590b6ca6dc0492a.zip
2025-12-22 14:20:13,970 - INFO - Tempo total de download: 4.04 minutos
2025-12-22 15:29:29,892 - INFO - Iniciando o download dos dados do ERA5.
2025-12-22 15:29:29,892 - INFO - Requisição: reanalysis-era5-single-levels-monthly-means
2025-12-22 15:29:29,892 - INFO - Variáveis solicitadas: 2m_dewpoint_temperature, 2m_temperature, cloud_base_height, high_cloud_cover, low_cloud_cover, medium_cloud_cover, total_cloud_cover, total_precipitation, mean_evaporation_rate, mean_surface_direct_short_wave_radiation_flux, mean_surface_direct_short_wave_radiation_flux_clear_sky, mean_surface_downward_long_wave_radiation_flux, mean_surface_downward_long_wave_radiation_flux_clear_sky, mean_surface_downward_short_wave_radiation_flux, mean_surface_downward_short_wave_radiation_flux_clear_sky, mean_surface_downward_uv_radiation_flux, mean_surface_latent_heat_flux, mean_surface_net_long_wave_radiation_flux, mean_surface_net_long_wave_radiation_flux_clear_sky, mean_surface_net_short_wave_radiation_flux, mean_surface_net_short_wave_radiation_flux_clear_sky, mean_surface_sensible_heat_flux, mean_top_downward_short_wave_radiation_flux, mean_top_net_long_wave_radiation_flux, mean_top_net_long_wave_radiation_flux_clear_sky, mean_top_net_short_wave_radiation_flux, mean_top_net_short_wave_radiation_flux_clear_sky, mean_total_precipitation_rate, mean_vertically_integrated_moisture_divergence, total_column_water, total_column_water_vapour
2025-12-22 15:29:29,892 - INFO - Período: 1990, 1991, 1992, 1993, 1994, 1995, 1996, 1997, 1998, 1999, 2000 - 01, 02, 03, 04, 05, 06, 07, 08, 09, 10, 11, 12
2025-12-22 15:29:29,892 - INFO - Formato de dados: netcdf
2025-12-22 15:29:32,053 - INFO - [2025-12-03T00:00:00Z] To improve our C3S service, we need to hear from you! Please complete this very short [survey](https://confluence.ecmwf.int/x/E7uBEQ/). Thank you.
2025-12-22 15:29:33,385 - INFO - Request ID is 41f68158-f17d-4e60-aeb4-89de6eaf47a3
2025-12-22 15:29:33,897 - INFO - status has been updated to accepted
2025-12-22 15:29:43,419 - INFO - status has been updated to running
2025-12-22 15:29:48,847 - INFO - status has been updated to successful
2025-12-22 15:29:49,451 - INFO - Downloading https://object-store.os-api.cci2.ecmwf.int:443/cci2-prod-cache-1/2025-12-22/1a17657c80a1979d0590b6ca6dc0492a.zip
2025-12-22 15:31:48,338 - INFO - Tempo total de download: 2.31 minutos
2025-12-22 15:33:38,088 - INFO - Iniciando o download dos dados do ERA5.
2025-12-22 15:33:38,089 - INFO - Requisição: reanalysis-era5-single-levels-monthly-means
2025-12-22 15:33:38,089 - INFO - Variáveis solicitadas: 2m_dewpoint_temperature, 2m_temperature, cloud_base_height, high_cloud_cover, low_cloud_cover, medium_cloud_cover, total_cloud_cover, total_precipitation, mean_evaporation_rate, mean_surface_direct_short_wave_radiation_flux, mean_surface_direct_short_wave_radiation_flux_clear_sky, mean_surface_downward_long_wave_radiation_flux, mean_surface_downward_long_wave_radiation_flux_clear_sky, mean_surface_downward_short_wave_radiation_flux, mean_surface_downward_short_wave_radiation_flux_clear_sky, mean_surface_downward_uv_radiation_flux, mean_surface_latent_heat_flux, mean_surface_net_long_wave_radiation_flux, mean_surface_net_long_wave_radiation_flux_clear_sky, mean_surface_net_short_wave_radiation_flux, mean_surface_net_short_wave_radiation_flux_clear_sky, mean_surface_sensible_heat_flux, mean_top_downward_short_wave_radiation_flux, mean_top_net_long_wave_radiation_flux, mean_top_net_long_wave_radiation_flux_clear_sky, mean_top_net_short_wave_radiation_flux, mean_top_net_short_wave_radiation_flux_clear_sky, mean_total_precipitation_rate, mean_vertically_integrated_moisture_divergence, total_column_water, total_column_water_vapour
2025-12-22 15:33:38,089 - INFO - Período: 1980, 1981, 1982, 1983, 1984, 1985, 1986, 1987, 1988, 1989, 1990, 1991, 1992, 1993, 1994, 1995, 1996, 1997, 1998, 1999, 2000, 2001, 2002, 2003, 2004, 2005, 2006, 2007, 2008, 2009, 2010, 2011, 2012, 2013, 2014, 2015, 2016, 2017, 2018, 2019, 2020, 2021, 2022, 2023, 2024 - 01, 02, 03, 04, 05, 06, 07, 08, 09, 10, 11, 12
2025-12-22 15:33:38,089 - INFO - Formato de dados: netcdf
2025-12-22 15:33:39,342 - INFO - [2025-12-03T00:00:00Z] To improve our C3S service, we need to hear from you! Please complete this very short [survey](https://confluence.ecmwf.int/x/E7uBEQ/). Thank you.
2025-12-22 15:33:44,432 - INFO - Iniciando o download dos dados do ERA5.
2025-12-22 15:33:44,432 - INFO - Requisição: reanalysis-era5-single-levels-monthly-means
2025-12-22 15:33:44,434 - INFO - Variáveis solicitadas: 2m_dewpoint_temperature, 2m_temperature, cloud_base_height, high_cloud_cover, low_cloud_cover, medium_cloud_cover, total_cloud_cover, total_precipitation, mean_evaporation_rate, mean_surface_direct_short_wave_radiation_flux, mean_surface_direct_short_wave_radiation_flux_clear_sky, mean_surface_downward_long_wave_radiation_flux, mean_surface_downward_long_wave_radiation_flux_clear_sky, mean_surface_downward_short_wave_radiation_flux, mean_surface_downward_short_wave_radiation_flux_clear_sky, mean_surface_downward_uv_radiation_flux, mean_surface_latent_heat_flux, mean_surface_net_long_wave_radiation_flux, mean_surface_net_long_wave_radiation_flux_clear_sky, mean_surface_net_short_wave_radiation_flux, mean_surface_net_short_wave_radiation_flux_clear_sky, mean_surface_sensible_heat_flux, mean_top_downward_short_wave_radiation_flux, mean_top_net_long_wave_radiation_flux, mean_top_net_long_wave_radiation_flux_clear_sky, mean_top_net_short_wave_radiation_flux, mean_top_net_short_wave_radiation_flux_clear_sky, mean_total_precipitation_rate, mean_vertically_integrated_moisture_divergence, total_column_water, total_column_water_vapour
2025-12-22 15:33:44,434 - INFO - Período: 1980, 1981, 1982, 1983, 1984, 1985, 1986, 1987, 1988, 1989, 1990, 1991, 1992, 1993, 1994, 1995, 1996, 1997, 1998, 1999, 2000, 2001, 2002, 2003, 2004, 2005, 2006, 2007, 2008, 2009, 2010, 2011, 2012, 2013, 2014, 2015, 2016, 2017, 2018, 2019, 2020, 2021, 2022, 2023, 2024 - 01, 02, 03, 04, 05, 06, 07, 08, 09, 10, 11, 12
2025-12-22 15:33:44,434 - INFO - Formato de dados: netcdf
2025-12-22 15:33:45,691 - INFO - [2025-12-03T00:00:00Z] To improve our C3S service, we need to hear from you! Please complete this very short [survey](https://confluence.ecmwf.int/x/E7uBEQ/). Thank you.
2026-09-28 21:01:04,338 - INFO - Iniciando o download dos dados do ERA5.
2026-09-28 21:01:04,339 - INFO - Área [N, W, S, E]: [0.0, -57.5, -11.0, -49.0]
2026-09-28 21:01:04,339 - INFO - Requisição: reanalysis-era5-single-levels-monthly-means
2026-09-28 21:01:04,339 - INFO - Variáveis solicitadas: 2m_dewpoint_temperature, 2m_temperature, cloud_base_height, high_cloud_cover, low_cloud_cover, medium_cloud_cover, total_cloud_cover, total_column_water, total_column_water_vapour, total_precipitation, mean_total_precipitation_rate, mean_evaporation_rate, mean_vertically_integrated_moisture_divergence, mean_surface_latent_heat_flux, mean_surface_sensible_heat_flux, mean_surface_direct_short_wave_radiation_flux, mean_surface_downward_long_wave_radiation_flux, mean_surface_downward_short_wave_radiation_flux, mean_surface_downward_uv_radiation_flux, mean_surface_net_long_wave_radiation_flux, mean_surface_net_short_wave_radiation_flux, mean_top_downward_short_wave_radiation_flux, mean_top_net_long_wave_radiation_flux, mean_top_net_short_wave_radiation_flux
2026-09-28 21:01:04,339 - INFO - Período: 1991, 1992, 1993, 1994, 1995, 1996, 1997, 1998, 1999, 2000, 2001, 2002, 2003, 2004, 2005, 2006, 2007, 2008, 2009, 2010, 2011, 2012, 2013, 2014, 2015, 2016, 2017, 2018, 2019, 2020 - 01, 02, 03, 04, 05, 06, 07, 08, 09, 10, 11, 12
2026-09-28 21:01:04,339 - INFO - Formato de dados: netcdf
2026-09-28 21:01:39,562 - INFO - Iniciando o download dos dados do ERA5.
2026-09-28 21:01:39,563 - INFO - Requisição: reanalysis-era5-single-levels-monthly-means
2026-09-28 21:01:39,563 - INFO - Variáveis solicitadas: 2m_dewpoint_temperature, 2m_temperature, cloud_base_height, high_cloud_cover, low_cloud_cover, medium_cloud_cover, total_cloud_cover, total_column_water, total_column_water_vapour, total_precipitation, mean_total_precipitation_rate, mean_evaporation_rate, mean_vertically_integrated_moisture_divergence, mean_surface_latent_heat_flux, mean_surface_sensible_heat_flux, mean_surface_direct_short_wave_radiation_flux, mean_surface_downward_long_wave_radiation_flux, mean_surface_downward_short_wave_radiation_flux, mean_surface_downward_uv_radiation_flux, mean_surface_net_long_wave_radiation_flux, mean_surface_net_short_wave_radiation_flux, mean_top_downward_short_wave_radiation_flux, mean_top_net_long_wave_radiation_flux, mean_top_net_short_wave_radiation_flux
2026-09-28 21:01:39,563 - INFO - Período: 1991–2020 em 6 pedidos. Área [N, W, S, E]: [0.0, -57.5, -11.0, -49.0]
2026-09-28 21:01:40,531 - INFO - Baixando 1991–1995
2026-09-28 21:01:44,557 - INFO - Request ID is 0c74237f-c16c-494d-b2c6-3a07563ef712
2026-09-28 21:01:46,060 - INFO - status has been updated to accepted
2026-09-28 21:02:00,917 - INFO - status has been updated to running
2026-09-28 21:03:48,327 - INFO - status has been updated to successful
2026-09-28 21:03:49,754 - INFO - Downloading https://object-store.os-api.cci2.ecmwf.int:443/cci2-prod-cache-1/2026-09-29/d51eef4fcf81a572cd2b5ef71b8803c6.zip
2026-09-28 21:04:00,547 - INFO - Baixando 1996–2000
2026-09-28 21:04:01,944 - INFO - Request ID is dd252512-e60a-46d8-89fe-24fec22913bd
2026-09-28 21:04:02,161 - INFO - status has been updated to accepted
2026-09-28 21:05:23,490 - INFO - status has been updated to running
2026-09-28 21:07:01,355 - INFO - status has been updated to successful
2026-09-28 21:07:01,869 - INFO - Downloading https://object-store.os-api.cci2.ecmwf.int:443/cci2-prod-cache-3/2026-09-29/79ed1d0c9889dda5561eaba204816dd2.zip
2026-09-28 21:07:13,038 - INFO - Baixando 2001–2005
2026-09-28 21:07:13,943 - INFO - Request ID is 1c175676-b725-44f2-aadf-3c5e4ae599c8
2026-09-28 21:07:16,706 - INFO - status has been updated to accepted
2026-09-28 21:07:31,144 - INFO - status has been updated to running
2026-09-28 21:09:16,626 - INFO - status has been updated to successful
2026-09-28 21:09:17,060 - INFO - Downloading https://object-store.os-api.cci2.ecmwf.int:443/cci2-prod-cache-2/2026-09-29/7fb9ddff59b44abb1d3937353b7e5779.zip
2026-09-28 21:09:29,761 - INFO - Baixando 2006–2010
2026-09-28 21:09:30,522 - INFO - Request ID is 634ee702-a954-44d1-9747-03e3afcd21e4
2026-09-28 21:09:30,850 - INFO - status has been updated to accepted
2026-09-28 21:09:53,787 - INFO - status has been updated to running
2026-09-28 21:12:26,689 - INFO - status has been updated to successful
2026-09-28 21:12:27,425 - INFO - Downloading https://object-store.os-api.cci2.ecmwf.int:443/cci2-prod-cache-3/2026-09-29/4b02f6479fc24cad2150b2572a02383.zip
2026-09-28 21:12:40,186 - INFO - Baixando 2011–2015
2026-09-28 21:12:41,021 - INFO - Request ID is 3d287d59-c4ca-4a98-a1fe-7cb8c35e2d86
2026-09-28 21:12:41,240 - INFO - status has been updated to accepted
2026-09-28 21:13:18,130 - INFO - status has been updated to running
2026-09-28 21:15:39,389 - INFO - status has been updated to successful
2026-09-28 21:15:39,900 - INFO - Downloading https://object-store.os-api.cci2.ecmwf.int:443/cci2-prod-cache-2/2026-09-29/36bde30636331db6ccebd3299643ce49.zip
2026-09-28 21:15:52,180 - INFO - Baixando 2016–2020
2026-09-28 21:15:53,311 - INFO - Request ID is 8ececedb-2253-44cd-b94d-3a3ca29a5d3b
2026-09-28 21:15:53,520 - INFO - status has been updated to accepted
2026-09-28 21:16:19,415 - INFO - status has been updated to running
2026-09-28 21:17:52,971 - INFO - status has been updated to successful
2026-09-28 21:17:53,408 - INFO - Downloading https://object-store.os-api.cci2.ecmwf.int:443/cci2-prod-cache-1/2026-09-29/d1b679a1c6fd94c0f47c85f1b2c7c6ac.zip
2026-09-28 21:18:01,074 - INFO - Tempo total de download: 16.36 minutos
2026-09-28 21:22:52,776 - INFO - Iniciando o download dos dados do ERA5 (modo analise).
2026-09-28 21:22:52,776 - INFO - Requisição: reanalysis-era5-single-levels-monthly-means
2026-09-28 21:22:52,776 - INFO - Variáveis solicitadas: 2m_dewpoint_temperature, 2m_temperature, cloud_base_height, high_cloud_cover, low_cloud_cover, medium_cloud_cover, total_cloud_cover, total_column_water, total_column_water_vapour, total_precipitation, mean_total_precipitation_rate, mean_evaporation_rate, mean_vertically_integrated_moisture_divergence, mean_surface_latent_heat_flux, mean_surface_sensible_heat_flux, mean_surface_direct_short_wave_radiation_flux, mean_surface_downward_long_wave_radiation_flux, mean_surface_downward_short_wave_radiation_flux, mean_surface_downward_uv_radiation_flux, mean_surface_net_long_wave_radiation_flux, mean_surface_net_short_wave_radiation_flux, mean_top_downward_short_wave_radiation_flux, mean_top_net_long_wave_radiation_flux, mean_top_net_short_wave_radiation_flux
2026-09-28 21:22:52,776 - INFO - Período: 2016–2024 em 2 pedidos. Área [N, W, S, E]: [0.0, -57.5, -11.0, -49.0]
2026-09-28 21:22:53,970 - INFO - Baixando 2016–2020
2026-09-28 21:22:54,891 - INFO - Request ID is b1ab1c8e-6644-4d45-a93b-53620d2b21ba
2026-09-28 21:22:55,118 - INFO - status has been updated to successful
2026-09-28 21:22:56,137 - INFO - Downloading https://object-store.os-api.cci2.ecmwf.int:443/cci2-prod-cache-1/2026-09-29/d1b679a1c6fd94c0f47c85f1b2c7c6ac.zip
2026-09-28 21:23:09,392 - INFO - Baixando 2021–2024
2026-09-28 21:23:15,050 - INFO - Request ID is a89145e4-9fed-4fde-b7b4-9ec25e11ce52
2026-09-28 21:23:15,259 - INFO - status has been updated to accepted
2026-09-28 21:23:38,427 - INFO - status has been updated to running
2026-09-28 21:26:13,030 - INFO - status has been updated to successful
2026-09-28 21:26:13,525 - INFO - Downloading https://object-store.os-api.cci2.ecmwf.int:443/cci2-prod-cache-1/2026-09-29/2d034e9629b50f2545ebc8899ac695ff.zip
2026-09-28 21:26:25,884 - INFO - Tempo total de download: 3.55 minutos
2026-09-28 21:54:01,307 - INFO - Iniciando o download dos dados do ERA5 (modo analise).
2026-09-28 21:54:01,313 - INFO - Requisição: reanalysis-era5-single-levels-monthly-means
2026-09-28 21:54:01,313 - INFO - Variáveis solicitadas: 2m_dewpoint_temperature, 2m_temperature, cloud_base_height, high_cloud_cover, low_cloud_cover, medium_cloud_cover, total_cloud_cover, total_column_water, total_column_water_vapour, total_precipitation, mean_total_precipitation_rate, mean_evaporation_rate, mean_vertically_integrated_moisture_divergence, mean_surface_latent_heat_flux, mean_surface_sensible_heat_flux, mean_surface_direct_short_wave_radiation_flux, mean_surface_downward_long_wave_radiation_flux, mean_surface_downward_short_wave_radiation_flux, mean_surface_downward_uv_radiation_flux, mean_surface_net_long_wave_radiation_flux, mean_surface_net_short_wave_radiation_flux, mean_top_downward_short_wave_radiation_flux, mean_top_net_long_wave_radiation_flux, mean_top_net_short_wave_radiation_flux
2026-09-28 21:54:01,313 - INFO - Período: 2015–2025 em 3 pedidos. Área [N, W, S, E]: [30, -120, -70, -30]
2026-09-28 21:54:02,895 - INFO - Baixando 2015–2019
2026-09-28 21:54:03,709 - INFO - Request ID is 88990814-e393-4dc2-9c68-482eaf446c9e
2026-09-28 21:54:05,039 - INFO - status has been updated to accepted
2026-09-28 21:54:40,429 - INFO - status has been updated to running
2026-09-28 21:57:01,292 - INFO - status has been updated to successful
2026-09-28 21:57:01,786 - INFO - Downloading https://object-store.os-api.cci2.ecmwf.int:443/cci2-prod-cache-3/2026-09-29/d057953b1faf5e90383fa7e4ff6b6837.zip
2026-09-28 22:01:07,808 - INFO - Baixando 2020–2024
2026-09-28 22:01:11,318 - INFO - Request ID is d33c59b7-3ca2-47f0-9875-be32e9002a64
2026-09-28 22:01:11,541 - INFO - status has been updated to accepted
2026-09-28 22:01:33,702 - INFO - status has been updated to running
2026-09-28 22:04:05,892 - INFO - status has been updated to successful
2026-09-28 22:04:06,759 - INFO - Downloading https://object-store.os-api.cci2.ecmwf.int:443/cci2-prod-cache-1/2026-09-29/972bf0478005d30cd56ccf53ce681e36.zip
2026-09-28 22:08:06,702 - INFO - Baixando 2025–2025
2026-09-28 22:08:08,620 - INFO - Request ID is 37095e2b-ac97-4274-86a8-2c3d7a3e8012
2026-09-28 22:08:08,838 - INFO - status has been updated to accepted
2026-09-28 22:08:31,725 - INFO - status has been updated to running
2026-09-28 22:09:26,557 - INFO - status has been updated to successful
2026-09-28 22:09:27,170 - INFO - Downloading https://object-store.os-api.cci2.ecmwf.int:443/cci2-prod-cache-3/2026-09-29/da50251126861f8e96c119323006e15a.zip
2026-09-28 22:12:00,316 - INFO - Tempo total de download: 17.98 minutos
2026-09-28 22:12:07,427 - INFO - Iniciando o download dos dados do ERA5 (modo clima).
2026-09-28 22:12:07,427 - INFO - Requisição: reanalysis-era5-single-levels-monthly-means
2026-09-28 22:12:07,427 - INFO - Variáveis solicitadas: 2m_dewpoint_temperature, 2m_temperature, cloud_base_height, high_cloud_cover, low_cloud_cover, medium_cloud_cover, total_cloud_cover, total_column_water, total_column_water_vapour, total_precipitation, mean_total_precipitation_rate, mean_evaporation_rate, mean_vertically_integrated_moisture_divergence, mean_surface_latent_heat_flux, mean_surface_sensible_heat_flux, mean_surface_direct_short_wave_radiation_flux, mean_surface_downward_long_wave_radiation_flux, mean_surface_downward_short_wave_radiation_flux, mean_surface_downward_uv_radiation_flux, mean_surface_net_long_wave_radiation_flux, mean_surface_net_short_wave_radiation_flux, mean_top_downward_short_wave_radiation_flux, mean_top_net_long_wave_radiation_flux, mean_top_net_short_wave_radiation_flux
2026-09-28 22:12:07,428 - INFO - Período: 1991–2020 em 6 pedidos. Área [N, W, S, E]: [1.0, -74.0, -36.0, -43.0]
2026-09-28 22:12:09,071 - INFO - Baixando 1991–1995
2026-09-28 22:12:10,297 - INFO - Request ID is acb38bbb-b6dd-4e26-b36d-af6743bdb783
2026-09-28 22:12:10,579 - INFO - status has been updated to accepted
2026-09-28 22:12:30,780 - INFO - status has been updated to running
2026-09-28 22:15:13,801 - INFO - status has been updated to successful
2026-09-28 22:15:15,848 - INFO - Downloading https://object-store.os-api.cci2.ecmwf.int:443/cci2-prod-cache-2/2026-09-29/a319379fda2715748ff07a8a2bed30f8.zip
2026-09-28 22:16:11,041 - INFO - Baixando 1996–2000
2026-09-28 22:16:13,193 - INFO - Request ID is c87427e5-d09a-43b5-885b-d7c79d33cd15
2026-09-28 22:16:13,410 - INFO - status has been updated to accepted
2026-09-28 22:16:36,950 - INFO - status has been updated to running
2026-09-28 22:18:10,514 - INFO - status has been updated to successful
2026-09-28 22:18:12,492 - INFO - Downloading https://object-store.os-api.cci2.ecmwf.int:443/cci2-prod-cache-3/2026-09-29/285524fb87b897a7586afe6bd91cb701.zip
2026-09-28 22:18:47,466 - INFO - Baixando 2001–2005
2026-09-28 22:18:48,330 - INFO - Request ID is 3481eb79-8bae-476c-bee5-9a137cc20f40
2026-09-28 22:18:48,535 - INFO - status has been updated to accepted
2026-09-28 22:19:10,656 - INFO - status has been updated to running
2026-09-28 22:21:43,429 - INFO - status has been updated to successful
2026-09-28 22:21:43,857 - INFO - Downloading https://object-store.os-api.cci2.ecmwf.int:443/cci2-prod-cache-2/2026-09-29/2207f434dba134eb6a988c444d2fb920.zip
2026-09-28 22:22:32,993 - INFO - Baixando 2006–2010
2026-09-28 22:22:34,302 - INFO - Request ID is 7c13ebfe-8477-4fcb-843d-968c05c778a4
2026-09-28 22:22:35,855 - INFO - status has been updated to accepted
2026-09-28 22:23:00,034 - INFO - status has been updated to failed
2026-09-28 22:23:38,268 - INFO - Iniciando o download dos dados do ERA5 (modo clima).
2026-09-28 22:23:38,268 - INFO - Requisição: reanalysis-era5-single-levels-monthly-means
2026-09-28 22:23:38,268 - INFO - Variáveis solicitadas: 2m_dewpoint_temperature, 2m_temperature, cloud_base_height, high_cloud_cover, low_cloud_cover, medium_cloud_cover, total_cloud_cover, total_column_water, total_column_water_vapour, total_precipitation, mean_total_precipitation_rate, mean_evaporation_rate, mean_vertically_integrated_moisture_divergence, mean_surface_latent_heat_flux, mean_surface_sensible_heat_flux, mean_surface_direct_short_wave_radiation_flux, mean_surface_downward_long_wave_radiation_flux, mean_surface_downward_short_wave_radiation_flux, mean_surface_downward_uv_radiation_flux, mean_surface_net_long_wave_radiation_flux, mean_surface_net_short_wave_radiation_flux, mean_top_downward_short_wave_radiation_flux, mean_top_net_long_wave_radiation_flux, mean_top_net_short_wave_radiation_flux
2026-09-28 22:23:38,268 - INFO - Período: 1991–2020 em 6 pedidos. Área [N, W, S, E]: [1.0, -74.0, -36.0, -43.0]
2026-09-28 22:23:39,225 - INFO - Baixando 2006–2010
2026-09-28 22:23:40,010 - INFO - Request ID is 9b8ca62f-975d-4a74-b1d8-eea944b211bb
2026-09-28 22:23:40,266 - INFO - status has been updated to accepted
2026-09-28 22:24:16,629 - INFO - status has been updated to running
2026-09-28 22:26:38,171 - INFO - status has been updated to successful
2026-09-28 22:26:38,628 - INFO - Downloading https://object-store.os-api.cci2.ecmwf.int:443/cci2-prod-cache-1/2026-09-29/d112b589ef97f3a6dcb7f9a3b6ca439a.zip
2026-09-28 22:26:49,879 - INFO - Baixando 2011–2015
2026-09-28 22:26:50,740 - INFO - Request ID is 849ddca6-40fd-458f-9780-c2a3dab7e806
2026-09-28 22:26:50,937 - INFO - status has been updated to accepted
2026-09-28 22:27:13,218 - INFO - status has been updated to running
2026-09-28 22:28:46,821 - INFO - status has been updated to successful
2026-09-28 22:28:47,375 - INFO - Downloading https://object-store.os-api.cci2.ecmwf.int:443/cci2-prod-cache-1/2026-09-29/5827105a424a8526818a45876bde508f.zip
2026-09-28 22:29:19,100 - INFO - Baixando 2016–2020
2026-09-28 22:29:19,922 - INFO - Request ID is 6923f2e0-2376-4468-8df4-84d5459aa24d
2026-09-28 22:29:20,170 - INFO - status has been updated to accepted
2026-09-28 22:29:42,774 - INFO - status has been updated to running
2026-09-28 22:31:16,731 - INFO - status has been updated to successful
2026-09-28 22:31:17,187 - INFO - Downloading https://object-store.os-api.cci2.ecmwf.int:443/cci2-prod-cache-1/2026-09-29/a09c4f2384d9cf4da420f9cda5cacdd.zip
2026-09-28 22:32:00,895 - INFO - Tempo total de download: 8.38 minutos
